> node e2e/run.mjs /Users/admin/.xdev-hive/worktrees/xdev-hive/R-72a/.xdev-hive/artifacts/desktop --only cosmic-primitives
building the web client…
> vite build --logLevel warn
../../node_modules/zod/v4/core/regexes.js (74:0): A comment
"/** Anchors a pattern source. The interpolation lives here rather than at the call site because
 * esbuild will not drop a `@__PURE__` call whose own argument interpolates a variable, but it
 * will drop `anchor(dateSource)`. Keeping it inline pinned `date` into every bundle. */"
in "../../node_modules/zod/v4/core/regexes.js" contains an annotation that Rollup cannot interpret due to the position of the comment. The comment will be removed to avoid issues.
../../node_modules/zod/v4/core/util.js (400:0): A comment
"// Wrapped in a `@__PURE__` IIFE: esbuild never tree-shakes a top-level initializer that contains a member access on `Number`, so the bare object literal survived into every bundle."
in "../../node_modules/zod/v4/core/util.js" contains an annotation that Rollup cannot interpret due to the position of the comment. The comment will be removed to avoid issues.
(!) Some chunks are larger than 500 kB after minification. Consider:
- Using dynamic import() to code-split the application
- Use build.rollupOptions.output.manualChunks to improve chunking: https://rollupjs.org/configuration-options/#output-manualchunks
- Adjust chunk size limit for this warning via build.chunkSizeWarningLimit.
the hub did not start:
npm error Lifecycle script `e2e` failed with error:
npm error code 1
npm error path /Users/admin/.xdev-hive/worktrees/xdev-hive/R-72a/apps/web
npm error workspace @xdev-hive/web@0.1.0
npm error location /Users/admin/.xdev-hive/worktrees/xdev-hive/R-72a/apps/web
npm error command failed
npm error command sh -c node e2e/run.mjs /Users/admin/.xdev-hive/worktrees/xdev-hive/R-72a/.xdev-hive/artifacts/desktop --only cosmic-primitives
