> node scripts/smoke.mjs /Users/admin/.xdev-hive/worktrees/xdev-hive/R-72a/.xdev-hive/test-output/smoke
[xdev-hive] smoke app ready /Users/admin/.xdev-hive/worktrees/xdev-hive/R-72a/.xdev-hive/test-output/smoke/start-new.png
[xdev-hive] smoke renderer loaded /Users/admin/.xdev-hive/worktrees/xdev-hive/R-72a/.xdev-hive/test-output/smoke/start-new.png
[xdev-hive] smoke screenshot /Users/admin/.xdev-hive/worktrees/xdev-hive/R-72a/.xdev-hive/test-output/smoke/start-new.png
[xdev-hive] smoke app ready /Users/admin/.xdev-hive/worktrees/xdev-hive/R-72a/.xdev-hive/test-output/smoke/start-new-mobile.png
[xdev-hive] smoke renderer loaded /Users/admin/.xdev-hive/worktrees/xdev-hive/R-72a/.xdev-hive/test-output/smoke/start-new-mobile.png
[xdev-hive] smoke screenshot /Users/admin/.xdev-hive/worktrees/xdev-hive/R-72a/.xdev-hive/test-output/smoke/start-new-mobile.png
[xdev-hive] smoke app ready /Users/admin/.xdev-hive/worktrees/xdev-hive/R-72a/.xdev-hive/test-output/smoke/start-new-today.png
[xdev-hive] smoke renderer loaded /Users/admin/.xdev-hive/worktrees/xdev-hive/R-72a/.xdev-hive/test-output/smoke/start-new-today.png
[xdev-hive] smoke screenshot /Users/admin/.xdev-hive/worktrees/xdev-hive/R-72a/.xdev-hive/test-output/smoke/start-new-today.png
[xdev-hive] smoke app ready /Users/admin/.xdev-hive/worktrees/xdev-hive/R-72a/.xdev-hive/test-output/smoke/start-half.png
[xdev-hive] smoke renderer loaded /Users/admin/.xdev-hive/worktrees/xdev-hive/R-72a/.xdev-hive/test-output/smoke/start-half.png
[xdev-hive] smoke screenshot /Users/admin/.xdev-hive/worktrees/xdev-hive/R-72a/.xdev-hive/test-output/smoke/start-half.png
[xdev-hive] smoke app ready /Users/admin/.xdev-hive/worktrees/xdev-hive/R-72a/.xdev-hive/test-output/smoke/start-half-today.png
[xdev-hive] smoke renderer loaded /Users/admin/.xdev-hive/worktrees/xdev-hive/R-72a/.xdev-hive/test-output/smoke/start-half-today.png
[xdev-hive] smoke screenshot /Users/admin/.xdev-hive/worktrees/xdev-hive/R-72a/.xdev-hive/test-output/smoke/start-half-today.png
[xdev-hive] smoke app ready /Users/admin/.xdev-hive/worktrees/xdev-hive/R-72a/.xdev-hive/test-output/smoke/start-ready.png
[xdev-hive] smoke renderer loaded /Users/admin/.xdev-hive/worktrees/xdev-hive/R-72a/.xdev-hive/test-output/smoke/start-ready.png
[xdev-hive] smoke screenshot /Users/admin/.xdev-hive/worktrees/xdev-hive/R-72a/.xdev-hive/test-output/smoke/start-ready.png
[xdev-hive] smoke app ready /Users/admin/.xdev-hive/worktrees/xdev-hive/R-72a/.xdev-hive/test-output/smoke/start-ready-today.png
[xdev-hive] smoke renderer loaded /Users/admin/.xdev-hive/worktrees/xdev-hive/R-72a/.xdev-hive/test-output/smoke/start-ready-today.png
[xdev-hive] smoke screenshot /Users/admin/.xdev-hive/worktrees/xdev-hive/R-72a/.xdev-hive/test-output/smoke/start-ready-today.png
[xdev-hive] smoke app ready /Users/admin/.xdev-hive/worktrees/xdev-hive/R-72a/.xdev-hive/test-output/smoke/skills-empty.png
[xdev-hive] smoke renderer loaded /Users/admin/.xdev-hive/worktrees/xdev-hive/R-72a/.xdev-hive/test-output/smoke/skills-empty.png
[xdev-hive] smoke screenshot /Users/admin/.xdev-hive/worktrees/xdev-hive/R-72a/.xdev-hive/test-output/smoke/skills-empty.png
[xdev-hive] smoke app ready /Users/admin/.xdev-hive/worktrees/xdev-hive/R-72a/.xdev-hive/test-output/smoke/memory-empty.png
[xdev-hive] smoke renderer loaded /Users/admin/.xdev-hive/worktrees/xdev-hive/R-72a/.xdev-hive/test-output/smoke/memory-empty.png
[xdev-hive] smoke screenshot /Users/admin/.xdev-hive/worktrees/xdev-hive/R-72a/.xdev-hive/test-output/smoke/memory-empty.png
[xdev-hive] smoke app ready /Users/admin/.xdev-hive/worktrees/xdev-hive/R-72a/.xdev-hive/test-output/smoke/board.png
[xdev-hive] smoke renderer loaded /Users/admin/.xdev-hive/worktrees/xdev-hive/R-72a/.xdev-hive/test-output/smoke/board.png
[xdev-hive] smoke screenshot /Users/admin/.xdev-hive/worktrees/xdev-hive/R-72a/.xdev-hive/test-output/smoke/board.png
[xdev-hive] smoke app ready /Users/admin/.xdev-hive/worktrees/xdev-hive/R-72a/.xdev-hive/test-output/smoke/runs.png
[xdev-hive] smoke renderer loaded /Users/admin/.xdev-hive/worktrees/xdev-hive/R-72a/.xdev-hive/test-output/smoke/runs.png
[xdev-hive] smoke screenshot /Users/admin/.xdev-hive/worktrees/xdev-hive/R-72a/.xdev-hive/test-output/smoke/runs.png
[xdev-hive] smoke app ready /Users/admin/.xdev-hive/worktrees/xdev-hive/R-72a/.xdev-hive/test-output/smoke/setup.png
[xdev-hive] smoke renderer loaded /Users/admin/.xdev-hive/worktrees/xdev-hive/R-72a/.xdev-hive/test-output/smoke/setup.png
[xdev-hive] smoke screenshot /Users/admin/.xdev-hive/worktrees/xdev-hive/R-72a/.xdev-hive/test-output/smoke/setup.png
[xdev-hive] smoke app ready /Users/admin/.xdev-hive/worktrees/xdev-hive/R-72a/.xdev-hive/test-output/smoke/tools.png
[xdev-hive] smoke renderer loaded /Users/admin/.xdev-hive/worktrees/xdev-hive/R-72a/.xdev-hive/test-output/smoke/tools.png
[xdev-hive] smoke screenshot /Users/admin/.xdev-hive/worktrees/xdev-hive/R-72a/.xdev-hive/test-output/smoke/tools.png
[xdev-hive] smoke app ready /Users/admin/.xdev-hive/worktrees/xdev-hive/R-72a/.xdev-hive/test-output/smoke/docs.png
[xdev-hive] smoke renderer loaded /Users/admin/.xdev-hive/worktrees/xdev-hive/R-72a/.xdev-hive/test-output/smoke/docs.png
[xdev-hive] smoke screenshot /Users/admin/.xdev-hive/worktrees/xdev-hive/R-72a/.xdev-hive/test-output/smoke/docs.png
[xdev-hive] smoke app ready /Users/admin/.xdev-hive/worktrees/xdev-hive/R-72a/.xdev-hive/test-output/smoke/skills.png
[xdev-hive] smoke renderer loaded /Users/admin/.xdev-hive/worktrees/xdev-hive/R-72a/.xdev-hive/test-output/smoke/skills.png
[xdev-hive] smoke screenshot /Users/admin/.xdev-hive/worktrees/xdev-hive/R-72a/.xdev-hive/test-output/smoke/skills.png
[xdev-hive] smoke app ready /Users/admin/.xdev-hive/worktrees/xdev-hive/R-72a/.xdev-hive/test-output/smoke/local-nav.png
[xdev-hive] smoke renderer loaded /Users/admin/.xdev-hive/worktrees/xdev-hive/R-72a/.xdev-hive/test-output/smoke/local-nav.png
[xdev-hive] smoke screenshot /Users/admin/.xdev-hive/worktrees/xdev-hive/R-72a/.xdev-hive/test-output/smoke/local-nav.png
[xdev-hive] smoke app ready /Users/admin/.xdev-hive/worktrees/xdev-hive/R-72a/.xdev-hive/test-output/smoke/local-chat.png
[xdev-hive] smoke renderer loaded /Users/admin/.xdev-hive/worktrees/xdev-hive/R-72a/.xdev-hive/test-output/smoke/local-chat.png
[xdev-hive] smoke screenshot /Users/admin/.xdev-hive/worktrees/xdev-hive/R-72a/.xdev-hive/test-output/smoke/local-chat.png
[xdev-hive] smoke app ready /Users/admin/.xdev-hive/worktrees/xdev-hive/R-72a/.xdev-hive/test-output/smoke/local-chat-new.png
[xdev-hive] smoke renderer loaded /Users/admin/.xdev-hive/worktrees/xdev-hive/R-72a/.xdev-hive/test-output/smoke/local-chat-new.png
[xdev-hive] smoke screenshot /Users/admin/.xdev-hive/worktrees/xdev-hive/R-72a/.xdev-hive/test-output/smoke/local-chat-new.png
[xdev-hive] smoke app ready /Users/admin/.xdev-hive/worktrees/xdev-hive/R-72a/.xdev-hive/test-output/smoke/local-task-list.png
[xdev-hive] smoke renderer loaded /Users/admin/.xdev-hive/worktrees/xdev-hive/R-72a/.xdev-hive/test-output/smoke/local-task-list.png
[xdev-hive] smoke screenshot /Users/admin/.xdev-hive/worktrees/xdev-hive/R-72a/.xdev-hive/test-output/smoke/local-task-list.png
[xdev-hive] smoke app ready /Users/admin/.xdev-hive/worktrees/xdev-hive/R-72a/.xdev-hive/test-output/smoke/agents-tokens.png
[xdev-hive] smoke renderer loaded /Users/admin/.xdev-hive/worktrees/xdev-hive/R-72a/.xdev-hive/test-output/smoke/agents-tokens.png
[xdev-hive] smoke screenshot /Users/admin/.xdev-hive/worktrees/xdev-hive/R-72a/.xdev-hive/test-output/smoke/agents-tokens.png
[xdev-hive] smoke app ready /Users/admin/.xdev-hive/worktrees/xdev-hive/R-72a/.xdev-hive/test-output/smoke/agents-tokens-runs.png
[xdev-hive] smoke renderer loaded /Users/admin/.xdev-hive/worktrees/xdev-hive/R-72a/.xdev-hive/test-output/smoke/agents-tokens-runs.png
[xdev-hive] smoke screenshot /Users/admin/.xdev-hive/worktrees/xdev-hive/R-72a/.xdev-hive/test-output/smoke/agents-tokens-runs.png
[xdev-hive] smoke app ready /Users/admin/.xdev-hive/worktrees/xdev-hive/R-72a/.xdev-hive/test-output/smoke/agents.png
[xdev-hive] smoke renderer loaded /Users/admin/.xdev-hive/worktrees/xdev-hive/R-72a/.xdev-hive/test-output/smoke/agents.png
[xdev-hive] smoke screenshot /Users/admin/.xdev-hive/worktrees/xdev-hive/R-72a/.xdev-hive/test-output/smoke/agents.png
[xdev-hive] smoke app ready /Users/admin/.xdev-hive/worktrees/xdev-hive/R-72a/.xdev-hive/test-output/smoke/agents-1100.png
[xdev-hive] smoke renderer loaded /Users/admin/.xdev-hive/worktrees/xdev-hive/R-72a/.xdev-hive/test-output/smoke/agents-1100.png
[xdev-hive] smoke screenshot /Users/admin/.xdev-hive/worktrees/xdev-hive/R-72a/.xdev-hive/test-output/smoke/agents-1100.png
[xdev-hive] smoke app ready /Users/admin/.xdev-hive/worktrees/xdev-hive/R-72a/.xdev-hive/test-output/smoke/agents-800.png
[xdev-hive] smoke renderer loaded /Users/admin/.xdev-hive/worktrees/xdev-hive/R-72a/.xdev-hive/test-output/smoke/agents-800.png
[xdev-hive] smoke screenshot /Users/admin/.xdev-hive/worktrees/xdev-hive/R-72a/.xdev-hive/test-output/smoke/agents-800.png
[xdev-hive] smoke app ready /Users/admin/.xdev-hive/worktrees/xdev-hive/R-72a/.xdev-hive/test-output/smoke/agents-quota.png
[xdev-hive] smoke renderer loaded /Users/admin/.xdev-hive/worktrees/xdev-hive/R-72a/.xdev-hive/test-output/smoke/agents-quota.png
[xdev-hive] smoke screenshot /Users/admin/.xdev-hive/worktrees/xdev-hive/R-72a/.xdev-hive/test-output/smoke/agents-quota.png
[xdev-hive] smoke app ready /Users/admin/.xdev-hive/worktrees/xdev-hive/R-72a/.xdev-hive/test-output/smoke/agents-antigravity.png
[xdev-hive] smoke renderer loaded /Users/admin/.xdev-hive/worktrees/xdev-hive/R-72a/.xdev-hive/test-output/smoke/agents-antigravity.png
[xdev-hive] smoke screenshot /Users/admin/.xdev-hive/worktrees/xdev-hive/R-72a/.xdev-hive/test-output/smoke/agents-antigravity.png
[xdev-hive] smoke app ready /Users/admin/.xdev-hive/worktrees/xdev-hive/R-72a/.xdev-hive/test-output/smoke/agents-antigravity-account.png
[xdev-hive] smoke renderer loaded /Users/admin/.xdev-hive/worktrees/xdev-hive/R-72a/.xdev-hive/test-output/smoke/agents-antigravity-account.png
[xdev-hive] smoke screenshot /Users/admin/.xdev-hive/worktrees/xdev-hive/R-72a/.xdev-hive/test-output/smoke/agents-antigravity-account.png
[xdev-hive] smoke app ready /Users/admin/.xdev-hive/worktrees/xdev-hive/R-72a/.xdev-hive/test-output/smoke/agents-antigravity-form.png
[xdev-hive] smoke renderer loaded /Users/admin/.xdev-hive/worktrees/xdev-hive/R-72a/.xdev-hive/test-output/smoke/agents-antigravity-form.png
[xdev-hive] smoke screenshot /Users/admin/.xdev-hive/worktrees/xdev-hive/R-72a/.xdev-hive/test-output/smoke/agents-antigravity-form.png
[xdev-hive] smoke app ready /Users/admin/.xdev-hive/worktrees/xdev-hive/R-72a/.xdev-hive/test-output/smoke/agents-antigravity-mobile.png
[xdev-hive] smoke renderer loaded /Users/admin/.xdev-hive/worktrees/xdev-hive/R-72a/.xdev-hive/test-output/smoke/agents-antigravity-mobile.png
[xdev-hive] smoke screenshot /Users/admin/.xdev-hive/worktrees/xdev-hive/R-72a/.xdev-hive/test-output/smoke/agents-antigravity-mobile.png
[xdev-hive] smoke app ready /Users/admin/.xdev-hive/worktrees/xdev-hive/R-72a/.xdev-hive/test-output/smoke/agents-antigravity-form-mobile.png
[xdev-hive] smoke renderer loaded /Users/admin/.xdev-hive/worktrees/xdev-hive/R-72a/.xdev-hive/test-output/smoke/agents-antigravity-form-mobile.png
[xdev-hive] smoke screenshot /Users/admin/.xdev-hive/worktrees/xdev-hive/R-72a/.xdev-hive/test-output/smoke/agents-antigravity-form-mobile.png
[xdev-hive] smoke app ready /Users/admin/.xdev-hive/worktrees/xdev-hive/R-72a/.xdev-hive/test-output/smoke/agents-antigravity-add-login.png
[xdev-hive] smoke renderer loaded /Users/admin/.xdev-hive/worktrees/xdev-hive/R-72a/.xdev-hive/test-output/smoke/agents-antigravity-add-login.png
[xdev-hive] smoke screenshot /Users/admin/.xdev-hive/worktrees/xdev-hive/R-72a/.xdev-hive/test-output/smoke/agents-antigravity-add-login.png
[xdev-hive] smoke app ready /Users/admin/.xdev-hive/worktrees/xdev-hive/R-72a/.xdev-hive/test-output/smoke/agents-off.png
[xdev-hive] smoke renderer loaded /Users/admin/.xdev-hive/worktrees/xdev-hive/R-72a/.xdev-hive/test-output/smoke/agents-off.png
[xdev-hive] smoke screenshot /Users/admin/.xdev-hive/worktrees/xdev-hive/R-72a/.xdev-hive/test-output/smoke/agents-off.png
[xdev-hive] smoke app ready /Users/admin/.xdev-hive/worktrees/xdev-hive/R-72a/.xdev-hive/test-output/smoke/agents-detail.png
[xdev-hive] smoke renderer loaded /Users/admin/.xdev-hive/worktrees/xdev-hive/R-72a/.xdev-hive/test-output/smoke/agents-detail.png
[xdev-hive] smoke screenshot /Users/admin/.xdev-hive/worktrees/xdev-hive/R-72a/.xdev-hive/test-output/smoke/agents-detail.png
[xdev-hive] smoke app ready /Users/admin/.xdev-hive/worktrees/xdev-hive/R-72a/.xdev-hive/test-output/smoke/agents-login.png
[xdev-hive] smoke renderer loaded /Users/admin/.xdev-hive/worktrees/xdev-hive/R-72a/.xdev-hive/test-output/smoke/agents-login.png
[xdev-hive] smoke screenshot /Users/admin/.xdev-hive/worktrees/xdev-hive/R-72a/.xdev-hive/test-output/smoke/agents-login.png
[xdev-hive] smoke app ready /Users/admin/.xdev-hive/worktrees/xdev-hive/R-72a/.xdev-hive/test-output/smoke/projects.png
[xdev-hive] smoke renderer loaded /Users/admin/.xdev-hive/worktrees/xdev-hive/R-72a/.xdev-hive/test-output/smoke/projects.png
[xdev-hive] smoke screenshot /Users/admin/.xdev-hive/worktrees/xdev-hive/R-72a/.xdev-hive/test-output/smoke/projects.png
[xdev-hive] smoke app ready /Users/admin/.xdev-hive/worktrees/xdev-hive/R-72a/.xdev-hive/test-output/smoke/projects-advanced.png
[xdev-hive] smoke renderer loaded /Users/admin/.xdev-hive/worktrees/xdev-hive/R-72a/.xdev-hive/test-output/smoke/projects-advanced.png
[xdev-hive] smoke screenshot /Users/admin/.xdev-hive/worktrees/xdev-hive/R-72a/.xdev-hive/test-output/smoke/projects-advanced.png
[xdev-hive] smoke app ready /Users/admin/.xdev-hive/worktrees/xdev-hive/R-72a/.xdev-hive/test-output/smoke/setup-tools.png
[xdev-hive] smoke renderer loaded /Users/admin/.xdev-hive/worktrees/xdev-hive/R-72a/.xdev-hive/test-output/smoke/setup-tools.png
[xdev-hive] smoke screenshot /Users/admin/.xdev-hive/worktrees/xdev-hive/R-72a/.xdev-hive/test-output/smoke/setup-tools.png
[61232:1009/002224.427716:ERROR:base/process/process_mac.cc:98] task_policy_set TASK_SUPPRESSION_POLICY: (os/kern) invalid argument (4)
[68515:1009/002410.599405:ERROR:base/process/process_mac.cc:98] task_policy_set TASK_SUPPRESSION_POLICY: (os/kern) invalid argument (4)
[75235:1009/002549.640285:ERROR:base/process/process_mac.cc:53] task_policy_set TASK_CATEGORY_POLICY: (os/kern) invalid argument (4)
[75235:1009/002549.640843:ERROR:base/process/process_mac.cc:98] task_policy_set TASK_SUPPRESSION_POLICY: (os/kern) invalid argument (4)
[80111:1009/002653.603466:ERROR:base/process/process_mac.cc:53] task_policy_set TASK_CATEGORY_POLICY: (os/kern) invalid argument (4)
[80111:1009/002653.604271:ERROR:base/process/process_mac.cc:98] task_policy_set TASK_SUPPRESSION_POLICY: (os/kern) invalid argument (4)
[xdev-hive] smoke expected [data-setup-item="tool:rtk"] on the page
smoke failed on setup-tools SIGKILL 
npm error Lifecycle script `smoke` failed with error:
npm error code 1
npm error path /Users/admin/.xdev-hive/worktrees/xdev-hive/R-72a/apps/desktop
npm error workspace @xdev-hive/desktop@0.147.4
npm error location /Users/admin/.xdev-hive/worktrees/xdev-hive/R-72a/apps/desktop
npm error command failed
npm error command sh -c node scripts/smoke.mjs /Users/admin/.xdev-hive/worktrees/xdev-hive/R-72a/.xdev-hive/test-output/smoke
