0 verbose cli /Users/admin/.nvm/versions/node/v26.10.0/bin/node /Users/admin/.nvm/versions/node/v26.10.0/bin/npm
1 info using npm@11.19.1
2 info using node@v26.10.0
3 silly config load:file:/Users/admin/.nvm/versions/node/v26.10.0/lib/node_modules/npm/npmrc
4 silly config load:file:/Users/admin/.xdev-hive/worktrees/xdev-hive/R-49e/.npmrc
5 silly config load:file:/Users/admin/.xdev-hive/worktrees/xdev-hive/R-49e/.xdev-hive/runs-review-smoke-home/.npmrc
6 silly config load:file:/Users/admin/.nvm/versions/node/v26.10.0/etc/npmrc
7 verbose title npm run smoke /Users/admin/.xdev-hive/worktrees/xdev-hive/R-49e/.xdev-hive/runs-review-smoke
8 verbose argv "run" "smoke" "--workspace" "@xdev-hive/desktop" "--" "/Users/admin/.xdev-hive/worktrees/xdev-hive/R-49e/.xdev-hive/runs-review-smoke"
9 verbose logfile logs-max:10 dir:/Users/admin/.xdev-hive/worktrees/xdev-hive/R-49e/.xdev-hive/runs-review-smoke-home/.npm/_logs/2026-10-06T08_24_13_958Z-
10 verbose logfile /Users/admin/.xdev-hive/worktrees/xdev-hive/R-49e/.xdev-hive/runs-review-smoke-home/.npm/_logs/2026-10-06T08_24_13_958Z-debug-0.log
11 silly logfile done cleaning log files
12 http fetch GET 200 https://registry.npmjs.org/npm 1306ms
13 verbose cwd /Users/admin/.xdev-hive/worktrees/xdev-hive/R-49e
14 verbose os Darwin 27.0.0
15 verbose node v26.10.0
16 verbose npm  v11.19.1
17 notice
17 notice New major version of npm available! 11.19.1 -> 12.2.0
17 notice Changelog: https://github.com/npm/cli/releases/tag/v12.2.0
17 notice To update run: npm install -g npm@12.2.0
17 notice  { force: true, Symbol(proc-log.meta): true }
18 verbose exit 0
19 info ok
